Syntax error on token 7:ignore 4 tokens starting with token = 5
Translation:
      0: ABSTRACT: plus ( 1 2 )
      1: TERMINAL: code=97, repr='a'
      2: ABSTRACT: mult ( 3 4 )
      3: TERMINAL: code=97, repr='a'
      4: ERROR

