nonterm `E' can derive only itself (grammar with loops)
