term ident described repeatedly with different code
