Translation:
      0: ABSTRACT: prog ( 1 )
      1: ABSTRACT: opt ( 2 )
      2: EMPTY

