Syntax error on token 7:ignore 10 tokens starting with token = 0
Translation:
      0: EMPTY

