Translation:
      0: ALTERNATIVE: node=1, next=2
      1: ABSTRACT: plus ( 3 4 )
      3: EMPTY
      4: ALTERNATIVE: node=5, next=6
      5: ABSTRACT: mult ( 7 3 )
      7: TERMINAL: code=98, repr='b'
      6: ALTERNATIVE: node=8, next=9
      8: ABSTRACT: mult ( 7 10 )
     10: ABSTRACT: plus ( 3 11 )
     11: TERMINAL: code=100, repr='d'
      9: ALTERNATIVE: node=12, next=nil
     12: ABSTRACT: plus ( 3 11 )
      2: ALTERNATIVE: node=13, next=14
     13: ABSTRACT: mult ( 15 3 )
     15: ABSTRACT: plus ( 3 7 )
     14: ALTERNATIVE: node=16, next=17
     16: ABSTRACT: mult ( 15 10 )
     17: ALTERNATIVE: node=18, next=nil
     18: ABSTRACT: plus ( 3 11 )

