Syntax error on token 7:ignore 4 tokens starting with token = 5
Translation:
      0: ALTERNATIVE: node=1, next=2
      1: ABSTRACT: plus ( 3 4 )
      3: TERMINAL: code=97, repr='a'
      4: ABSTRACT: mult ( 5 6 )
      5: TERMINAL: code=97, repr='a'
      6: ERROR
      2: ALTERNATIVE: node=7, next=nil
      7: ABSTRACT: mult ( 8 6 )
      8: ABSTRACT: plus ( 3 5 )

