Syntax error on token 7:ignore 2 tokens starting with token = 5
Syntax error on token 10:ignore 2 tokens starting with token = 10
Translation:
      0: ABSTRACT: plus ( 1 2 )
      1: ABSTRACT: plus ( 3 4 )
      3: TERMINAL: code=97, repr='a'
      4: ABSTRACT: mult ( 5 2 )
      5: TERMINAL: code=97, repr='a'
      2: ERROR

