repeated translation symbol number 0 in rule for `E'
