Translation:
      0: ALTERNATIVE: node=1, next=2
      1: ABSTRACT: plus ( 3 4 )
      3: TERMINAL: code=97, repr='a'
      4: ABSTRACT: mult ( 5 6 )
      5: TERMINAL: code=97, repr='a'
      6: ALTERNATIVE: node=7, next=8
      7: ABSTRACT: mult ( 9 10 )
      9: TERMINAL: code=97, repr='a'
     10: ABSTRACT: plus ( 11 12 )
     11: TERMINAL: code=97, repr='a'
     12: TERMINAL: code=97, repr='a'
      8: ALTERNATIVE: node=13, next=nil
     13: ABSTRACT: plus ( 14 12 )
     14: ABSTRACT: mult ( 9 11 )
      2: ALTERNATIVE: node=15, next=nil
     15: ABSTRACT: mult ( 16 17 )
     16: ABSTRACT: plus ( 3 5 )
     17: ALTERNATIVE: node=7, next=18
     18: ALTERNATIVE: node=13, next=nil

