Translation:
      0: ALTERNATIVE: node=1, next=2
      1: ABSTRACT: plus ( 3 4 )
      3: TERMINAL: code=97, repr='a'
      4: ALTERNATIVE: node=5, next=6
      5: ABSTRACT: mult ( 7 8 )
      7: TERMINAL: code=98, repr='b'
      8: ABSTRACT: plus ( 9 10 )
      9: TERMINAL: code=99, repr='c'
     10: TERMINAL: code=97, repr='a'
      6: ALTERNATIVE: node=11, next=nil
     11: ABSTRACT: plus ( 12 10 )
     12: ABSTRACT: mult ( 7 9 )
      2: ALTERNATIVE: node=13, next=14
     13: ABSTRACT: mult ( 15 8 )
     15: ABSTRACT: plus ( 3 7 )
     14: ALTERNATIVE: node=16, next=nil
     16: ABSTRACT: plus ( 17 10 )
     17: ALTERNATIVE: node=18, next=19
     18: ABSTRACT: plus ( 3 12 )
     19: ALTERNATIVE: node=20, next=nil
     20: ABSTRACT: mult ( 15 9 )

