translation symbol number 1 in rule for `E' is out of range
