Use description
Grammar: #terms = 7, #nonterms = 4, #rules = 8, rules size = 24
Input: #tokens = 12, #unique situations = 22
       #terminal sets = 8, their size = 64
       #unique set cores = 11, #their start situations = 42
       #parent indexes for some non start situations = 0
       #unique set dist. vects = 11, their length = 42
       #unique sets = 12, #their start situations = 43
       #unique triples (set, term, lookahead) = 12, goto successes=0
       #pairs(set core, symb) = 55, their trans+reduce vects length = 60
       #unique transition vectors = 12, their length = 16
       #unique reduce vectors = 3, their length = 3
       #term nodes = 5, #abstract nodes = 4
       #alternative nodes = 0, #all nodes = 9
