Use description
Grammar: #terms = 7, #nonterms = 4, #rules = 8, rules size = 24
Input: #tokens = 12, #unique situations = 45
       #terminal sets = 71, their size = 568
       #unique set cores = 13, #their start situations = 30
       #parent indexes for some non start situations = 0
       #unique set dist. vects = 10, their length = 25
       #unique sets = 13, #their start situations = 30
       #unique triples (set, term, lookahead) = 12, goto successes=0
       #pairs(set core, symb) = 48, their trans+reduce vects length = 54
       #unique transition vectors = 12, their length = 16
       #unique reduce vectors = 3, their length = 3
       #term nodes = 5, #abstract nodes = 4
       #alternative nodes = 0, #all nodes = 9
