Translation:
      0: ABSTRACT: mult ( 1 2 )
      1: ABSTRACT: plus ( 3 4 )
      3: TERMINAL: code=97, repr='a'
      4: TERMINAL: code=97, repr='a'
      2: ABSTRACT: plus ( 5 6 )
      5: ABSTRACT: mult ( 7 8 )
      7: TERMINAL: code=97, repr='a'
      8: TERMINAL: code=97, repr='a'
      6: TERMINAL: code=97, repr='a'

